mode: atomic
github.com/define42/ironport/cmd/ironport-demo/main.go:31.25,48.2 3 0
github.com/define42/ironport/cmd/ironport-demo/main.go:50.99,57.23 7 0
github.com/define42/ironport/cmd/ironport-demo/main.go:57.23,58.33 1 0
github.com/define42/ironport/cmd/ironport-demo/main.go:58.33,60.4 1 0
github.com/define42/ironport/cmd/ironport-demo/main.go:61.3,61.30 1 0
github.com/define42/ironport/cmd/ironport-demo/main.go:63.2,75.15 10 0
github.com/define42/ironport/cmd/ironport-demo/main.go:78.41,79.16 1 0
github.com/define42/ironport/cmd/ironport-demo/main.go:79.16,81.3 1 0
github.com/define42/ironport/cmd/ironport-demo/main.go:82.2,83.16 2 0
github.com/define42/ironport/cmd/ironport-demo/main.go:83.16,85.3 1 0
github.com/define42/ironport/cmd/ironport-demo/main.go:86.2,86.15 1 0
github.com/define42/ironport/cmd/ironport-demo/main.go:89.46,90.12 1 0
github.com/define42/ironport/cmd/ironport-demo/main.go:90.12,91.42 1 0
github.com/define42/ironport/cmd/ironport-demo/main.go:91.42,94.4 1 0
github.com/define42/ironport/cmd/ironport-demo/main.go:96.2,96.12 1 0
github.com/define42/ironport/cmd/ironport-demo/main.go:96.12,97.36 1 0
github.com/define42/ironport/cmd/ironport-demo/main.go:97.36,100.4 1 0
github.com/define42/ironport/cmd/ironport-demo/main.go:104.13,122.2 7 0
github.com/define42/ironport/cmd/ironport-demo/main.go:127.62,128.37 1 0
github.com/define42/ironport/cmd/ironport-demo/main.go:128.37,130.3 1 0
github.com/define42/ironport/cmd/ironport-demo/main.go:131.2,131.37 1 0
github.com/define42/ironport/cmd/ironport-demo/main.go:131.37,133.3 1 0
github.com/define42/ironport/cmd/ironport-demo/main.go:134.2,135.16 2 0
github.com/define42/ironport/cmd/ironport-demo/main.go:135.16,137.3 1 0
github.com/define42/ironport/cmd/ironport-demo/main.go:138.2,138.59 1 0
github.com/define42/ironport/cmd/ironport-demo/main.go:141.38,142.36 1 4
github.com/define42/ironport/cmd/ironport-demo/main.go:142.36,144.3 1 2
github.com/define42/ironport/cmd/ironport-demo/main.go:145.2,147.29 3 2
github.com/define42/ironport/cmd/ironport-demo/main.go:147.29,149.17 2 6
github.com/define42/ironport/cmd/ironport-demo/main.go:149.17,151.4 1 3
github.com/define42/ironport/cmd/ironport-demo/main.go:153.2,153.22 1 2
github.com/define42/ironport/cmd/ironport-demo/main.go:153.22,155.3 1 0
github.com/define42/ironport/cmd/ironport-demo/main.go:156.2,156.15 1 2
github.com/define42/ironport/ironport.go:155.73,156.20 1 62
github.com/define42/ironport/ironport.go:156.20,158.3 1 0
github.com/define42/ironport/ironport.go:159.2,159.9 1 62
github.com/define42/ironport/ironport.go:160.22,160.22 0 61
github.com/define42/ironport/ironport.go:161.10,162.104 1 1
github.com/define42/ironport/ironport.go:171.118,172.74 1 5
github.com/define42/ironport/ironport.go:172.74,174.3 1 4
github.com/define42/ironport/ironport.go:175.2,176.29 2 1
github.com/define42/ironport/ironport.go:182.67,183.9 1 324
github.com/define42/ironport/ironport.go:184.23,185.18 1 316
github.com/define42/ironport/ironport.go:186.22,187.11 1 3
github.com/define42/ironport/ironport.go:189.2,189.19 1 5
github.com/define42/ironport/ironport.go:205.48,206.55 1 1992
github.com/define42/ironport/ironport.go:206.55,208.3 1 1992
github.com/define42/ironport/ironport.go:208.8,210.3 1 0
github.com/define42/ironport/ironport.go:211.2,211.23 1 1992
github.com/define42/ironport/ironport.go:214.49,215.56 1 2546
github.com/define42/ironport/ironport.go:215.56,217.3 1 1556
github.com/define42/ironport/ironport.go:217.8,219.3 1 990
github.com/define42/ironport/ironport.go:220.2,220.24 1 2546
github.com/define42/ironport/ironport.go:225.52,226.11 1 197
github.com/define42/ironport/ironport.go:226.11,228.3 1 0
github.com/define42/ironport/ironport.go:229.2,229.33 1 197
github.com/define42/ironport/ironport.go:234.53,235.11 1 14
github.com/define42/ironport/ironport.go:235.11,237.3 1 0
github.com/define42/ironport/ironport.go:238.2,238.34 1 14
github.com/define42/ironport/ironport.go:245.34,246.9 1 28
github.com/define42/ironport/ironport.go:247.18,248.14 1 1
github.com/define42/ironport/ironport.go:249.41,250.33 1 2
github.com/define42/ironport/ironport.go:251.41,252.31 1 1
github.com/define42/ironport/ironport.go:253.38,254.26 1 1
github.com/define42/ironport/ironport.go:255.39,256.27 1 1
github.com/define42/ironport/ironport.go:257.38,258.28 1 0
github.com/define42/ironport/ironport.go:259.38,260.37 1 7
github.com/define42/ironport/ironport.go:261.40,262.29 1 1
github.com/define42/ironport/ironport.go:263.35,264.23 1 2
github.com/define42/ironport/ironport.go:266.2,266.25 1 12
github.com/define42/ironport/ironport.go:271.39,272.9 1 39
github.com/define42/ironport/ironport.go:273.18,274.13 1 20
github.com/define42/ironport/ironport.go:275.41,276.27 1 3
github.com/define42/ironport/ironport.go:277.38,278.24 1 1
github.com/define42/ironport/ironport.go:279.39,280.25 1 1
github.com/define42/ironport/ironport.go:281.38,282.24 1 0
github.com/define42/ironport/ironport.go:283.38,284.24 1 9
github.com/define42/ironport/ironport.go:285.40,286.26 1 3
github.com/define42/ironport/ironport.go:287.35,288.21 1 1
github.com/define42/ironport/ironport.go:290.2,290.29 1 1
github.com/define42/ironport/ironport.go:296.29,298.2 1 126
github.com/define42/ironport/ironport.go:305.39,307.30 2 1580
github.com/define42/ironport/ironport.go:307.30,308.39 1 25365
github.com/define42/ironport/ironport.go:308.39,310.9 2 12
github.com/define42/ironport/ironport.go:313.2,313.12 1 1580
github.com/define42/ironport/ironport.go:313.12,315.3 1 1568
github.com/define42/ironport/ironport.go:316.2,317.22 2 12
github.com/define42/ironport/ironport.go:317.22,318.28 1 144
github.com/define42/ironport/ironport.go:318.28,320.4 1 20
github.com/define42/ironport/ironport.go:322.2,322.18 1 12
github.com/define42/ironport/ironport.go:328.57,332.16 2 5
github.com/define42/ironport/ironport.go:332.16,334.3 1 1
github.com/define42/ironport/ironport.go:335.2,336.16 2 4
github.com/define42/ironport/ironport.go:336.16,338.3 1 1
github.com/define42/ironport/ironport.go:339.2,339.20 1 3
github.com/define42/ironport/ironport.go:351.41,354.2 2 270
github.com/define42/ironport/ironport.go:356.64,357.18 1 133
github.com/define42/ironport/ironport.go:357.18,359.3 1 2
github.com/define42/ironport/ironport.go:360.2,361.36 2 131
github.com/define42/ironport/ironport.go:361.36,363.3 1 128
github.com/define42/ironport/ironport.go:364.2,364.15 1 131
github.com/define42/ironport/ironport.go:367.65,371.9 4 144
github.com/define42/ironport/ironport.go:371.9,373.3 1 5
github.com/define42/ironport/ironport.go:374.2,374.31 1 139
github.com/define42/ironport/ironport.go:377.53,378.19 1 133
github.com/define42/ironport/ironport.go:378.19,380.3 1 128
github.com/define42/ironport/ironport.go:381.2,382.26 2 5
github.com/define42/ironport/ironport.go:382.26,384.16 2 11
github.com/define42/ironport/ironport.go:384.16,385.12 1 1
github.com/define42/ironport/ironport.go:387.3,387.35 1 10
github.com/define42/ironport/ironport.go:387.35,389.4 1 1
github.com/define42/ironport/ironport.go:390.3,390.25 1 10
github.com/define42/ironport/ironport.go:392.2,392.12 1 5
github.com/define42/ironport/ironport.go:606.58,609.20 3 3
github.com/define42/ironport/ironport.go:609.20,611.3 1 0
github.com/define42/ironport/ironport.go:612.2,612.41 1 3
github.com/define42/ironport/ironport.go:619.46,623.35 4 3
github.com/define42/ironport/ironport.go:623.35,624.20 1 3
github.com/define42/ironport/ironport.go:624.20,626.4 1 3
github.com/define42/ironport/ironport.go:628.2,629.28 2 3
github.com/define42/ironport/ironport.go:629.28,631.3 1 3
github.com/define42/ironport/ironport.go:640.35,644.35 4 4
github.com/define42/ironport/ironport.go:644.35,645.14 1 5
github.com/define42/ironport/ironport.go:645.14,647.4 1 4
github.com/define42/ironport/ironport.go:649.2,650.28 2 4
github.com/define42/ironport/ironport.go:650.28,652.3 1 4
github.com/define42/ironport/ironport.go:659.65,660.16 1 7
github.com/define42/ironport/ironport.go:660.16,662.3 1 1
github.com/define42/ironport/ironport.go:663.2,666.9 4 6
github.com/define42/ironport/ironport.go:666.9,668.3 1 1
github.com/define42/ironport/ironport.go:669.2,671.32 3 5
github.com/define42/ironport/ironport.go:671.32,672.22 1 3
github.com/define42/ironport/ironport.go:672.22,673.12 1 0
github.com/define42/ironport/ironport.go:675.3,675.68 1 3
github.com/define42/ironport/ironport.go:675.68,677.4 1 2
github.com/define42/ironport/ironport.go:679.2,681.23 3 3
github.com/define42/ironport/ironport.go:687.68,688.16 1 4
github.com/define42/ironport/ironport.go:688.16,690.3 1 1
github.com/define42/ironport/ironport.go:691.2,694.9 4 3
github.com/define42/ironport/ironport.go:694.9,696.3 1 1
github.com/define42/ironport/ironport.go:697.2,699.44 3 2
github.com/define42/ironport/ironport.go:699.44,700.22 1 5
github.com/define42/ironport/ironport.go:700.22,701.12 1 2
github.com/define42/ironport/ironport.go:703.3,703.68 1 3
github.com/define42/ironport/ironport.go:703.68,705.4 1 1
github.com/define42/ironport/ironport.go:707.2,708.23 2 2
github.com/define42/ironport/ironport.go:715.30,723.2 1 135
github.com/define42/ironport/ironport.go:738.40,739.19 1 133
github.com/define42/ironport/ironport.go:739.19,741.3 1 0
github.com/define42/ironport/ironport.go:742.2,763.32 2 133
github.com/define42/ironport/ironport.go:763.32,765.3 1 7
github.com/define42/ironport/ironport.go:766.2,766.10 1 133
github.com/define42/ironport/ironport.go:787.72,791.37 2 7
github.com/define42/ironport/ironport.go:791.37,793.46 2 7
github.com/define42/ironport/ironport.go:793.46,795.4 1 7
github.com/define42/ironport/ironport.go:797.2,802.61 3 7
github.com/define42/ironport/ironport.go:802.61,803.24 1 3
github.com/define42/ironport/ironport.go:803.24,804.41 1 0
github.com/define42/ironport/ironport.go:804.41,806.5 1 0
github.com/define42/ironport/ironport.go:808.3,808.20 1 3
github.com/define42/ironport/ironport.go:808.20,810.4 1 0
github.com/define42/ironport/ironport.go:811.3,811.13 1 3
github.com/define42/ironport/ironport.go:813.2,813.22 1 7
github.com/define42/ironport/ironport.go:816.52,818.16 2 1
github.com/define42/ironport/ironport.go:818.16,820.3 1 0
github.com/define42/ironport/ironport.go:821.2,821.35 1 1
github.com/define42/ironport/ironport.go:824.39,827.25 3 50
github.com/define42/ironport/ironport.go:827.25,829.3 1 49
github.com/define42/ironport/ironport.go:830.2,831.16 2 1
github.com/define42/ironport/ironport.go:831.16,833.3 1 0
github.com/define42/ironport/ironport.go:834.2,835.12 2 1
github.com/define42/ironport/ironport.go:838.56,841.20 3 50
github.com/define42/ironport/ironport.go:841.20,843.3 1 0
github.com/define42/ironport/ironport.go:844.2,844.15 1 50
github.com/define42/ironport/ironport.go:844.15,846.3 1 0
github.com/define42/ironport/ironport.go:847.2,849.23 3 50
github.com/define42/ironport/ironport.go:852.82,855.56 3 50
github.com/define42/ironport/ironport.go:855.56,857.3 1 0
github.com/define42/ironport/ironport.go:858.2,860.13 3 50
github.com/define42/ironport/ironport.go:863.53,865.24 2 50
github.com/define42/ironport/ironport.go:865.24,869.3 3 50
github.com/define42/ironport/ironport.go:870.2,870.15 1 50
github.com/define42/ironport/ironport.go:873.34,878.2 4 4
github.com/define42/ironport/ironport.go:880.32,883.28 3 4
github.com/define42/ironport/ironport.go:883.28,885.3 1 4
github.com/define42/ironport/ironport.go:886.2,886.15 1 4
github.com/define42/ironport/ironport.go:894.46,897.20 3 132
github.com/define42/ironport/ironport.go:897.20,899.3 1 0
github.com/define42/ironport/ironport.go:900.2,900.26 1 132
github.com/define42/ironport/ironport.go:900.26,902.3 1 0
github.com/define42/ironport/ironport.go:903.2,905.13 3 132
github.com/define42/ironport/ironport.go:912.60,915.36 3 115
github.com/define42/ironport/ironport.go:915.36,917.3 1 109
github.com/define42/ironport/ironport.go:923.43,927.2 3 132
github.com/define42/ironport/ironport.go:933.46,936.31 3 1
github.com/define42/ironport/ironport.go:936.31,938.3 1 1
github.com/define42/ironport/ironport.go:939.2,940.26 2 1
github.com/define42/ironport/ironport.go:940.26,942.3 1 1
github.com/define42/ironport/ironport.go:943.2,943.19 1 1
github.com/define42/ironport/ironport.go:946.64,947.15 1 133
github.com/define42/ironport/ironport.go:947.15,949.3 1 1
github.com/define42/ironport/ironport.go:950.2,950.41 1 133
github.com/define42/ironport/ironport.go:953.52,954.15 1 133
github.com/define42/ironport/ironport.go:954.15,956.3 1 1
github.com/define42/ironport/ironport.go:957.2,957.35 1 133
github.com/define42/ironport/ironport.go:960.62,964.2 3 194
github.com/define42/ironport/ironport.go:966.50,970.2 3 258
github.com/define42/ironport/ironport.go:979.60,981.2 1 71
github.com/define42/ironport/ironport.go:991.48,993.2 1 17
github.com/define42/ironport/ironport.go:995.64,996.19 1 251
github.com/define42/ironport/ironport.go:996.19,998.3 1 0
github.com/define42/ironport/ironport.go:999.2,999.9 1 251
github.com/define42/ironport/ironport.go:1000.21,1000.21 0 250
github.com/define42/ironport/ironport.go:1001.10,1002.138 1 1
github.com/define42/ironport/ironport.go:1006.77,1008.21 2 34
github.com/define42/ironport/ironport.go:1008.21,1010.3 1 1
github.com/define42/ironport/ironport.go:1012.2,1012.39 1 33
github.com/define42/ironport/ironport.go:1012.39,1014.17 2 4
github.com/define42/ironport/ironport.go:1014.17,1016.4 1 1
github.com/define42/ironport/ironport.go:1017.3,1017.31 1 3
github.com/define42/ironport/ironport.go:1017.31,1019.4 1 1
github.com/define42/ironport/ironport.go:1020.3,1020.25 1 2
github.com/define42/ironport/ironport.go:1023.2,1025.16 3 29
github.com/define42/ironport/ironport.go:1025.16,1027.3 1 0
github.com/define42/ironport/ironport.go:1028.2,1029.16 2 29
github.com/define42/ironport/ironport.go:1029.16,1031.3 1 1
github.com/define42/ironport/ironport.go:1032.2,1032.73 1 28
github.com/define42/ironport/ironport.go:1032.73,1034.3 1 1
github.com/define42/ironport/ironport.go:1035.2,1035.24 1 27
github.com/define42/ironport/ironport.go:1038.67,1040.21 2 82
github.com/define42/ironport/ironport.go:1040.21,1042.3 1 56
github.com/define42/ironport/ironport.go:1044.2,1045.16 2 26
github.com/define42/ironport/ironport.go:1045.16,1047.3 1 0
github.com/define42/ironport/ironport.go:1049.2,1050.41 2 26
github.com/define42/ironport/ironport.go:1050.41,1052.17 2 58
github.com/define42/ironport/ironport.go:1052.17,1054.4 1 20
github.com/define42/ironport/ironport.go:1055.3,1055.16 1 38
github.com/define42/ironport/ironport.go:1057.2,1057.101 1 6
github.com/define42/ironport/ironport.go:1066.41,1067.37 1 53
github.com/define42/ironport/ironport.go:1067.37,1069.3 1 3
github.com/define42/ironport/ironport.go:1070.2,1071.16 2 50
github.com/define42/ironport/ironport.go:1071.16,1073.3 1 0
github.com/define42/ironport/ironport.go:1074.2,1076.45 2 50
github.com/define42/ironport/ironport.go:1076.45,1078.3 1 0
github.com/define42/ironport/ironport.go:1079.2,1084.16 5 50
github.com/define42/ironport/ironport.go:1084.16,1086.3 1 0
github.com/define42/ironport/ironport.go:1087.2,1087.47 1 50
github.com/define42/ironport/ironport.go:1087.47,1089.3 1 0
github.com/define42/ironport/ironport.go:1090.2,1090.75 1 50
github.com/define42/ironport/ironport.go:1096.43,1097.41 1 50
github.com/define42/ironport/ironport.go:1097.41,1099.3 1 0
github.com/define42/ironport/ironport.go:1104.2,1104.40 1 50
github.com/define42/ironport/ironport.go:1104.40,1106.3 1 0
github.com/define42/ironport/ironport.go:1107.2,1107.12 1 50
github.com/define42/ironport/ironport.go:1110.70,1112.16 2 50
github.com/define42/ironport/ironport.go:1112.16,1114.3 1 0
github.com/define42/ironport/ironport.go:1115.2,1115.40 1 50
github.com/define42/ironport/ironport.go:1115.40,1117.3 1 8
github.com/define42/ironport/ironport.go:1118.2,1119.16 2 42
github.com/define42/ironport/ironport.go:1119.16,1122.3 2 0
github.com/define42/ironport/ironport.go:1123.2,1123.27 1 42
github.com/define42/ironport/ironport.go:1126.167,1130.12 4 50
github.com/define42/ironport/ironport.go:1130.12,1130.70 1 50
github.com/define42/ironport/ironport.go:1132.2,1132.18 1 50
github.com/define42/ironport/ironport.go:1132.18,1135.13 3 42
github.com/define42/ironport/ironport.go:1135.13,1135.64 1 42
github.com/define42/ironport/ironport.go:1138.2,1139.31 2 50
github.com/define42/ironport/ironport.go:1139.31,1140.47 1 92
github.com/define42/ironport/ironport.go:1140.47,1143.4 2 0
github.com/define42/ironport/ironport.go:1145.2,1145.12 1 50
github.com/define42/ironport/ironport.go:1148.135,1152.52 4 50
github.com/define42/ironport/ironport.go:1152.52,1154.3 1 6
github.com/define42/ironport/ironport.go:1157.111,1159.51 2 42
github.com/define42/ironport/ironport.go:1159.51,1161.3 1 56
github.com/define42/ironport/ironport.go:1170.89,1172.6 2 92
github.com/define42/ironport/ironport.go:1172.6,1174.17 2 154
github.com/define42/ironport/ironport.go:1174.17,1175.37 1 92
github.com/define42/ironport/ironport.go:1175.37,1177.5 1 92
github.com/define42/ironport/ironport.go:1178.4,1181.12 4 0
github.com/define42/ironport/ironport.go:1183.3,1185.23 3 62
github.com/define42/ironport/ironport.go:1185.23,1189.12 2 0
github.com/define42/ironport/ironport.go:1191.3,1191.13 1 62
github.com/define42/ironport/ironport.go:1191.13,1194.17 3 62
github.com/define42/ironport/ironport.go:1194.17,1195.33 1 62
github.com/define42/ironport/ironport.go:1195.33,1198.6 2 0
github.com/define42/ironport/ironport.go:1200.4,1200.15 1 62
github.com/define42/ironport/ironport.go:1207.58,1208.15 1 4
github.com/define42/ironport/ironport.go:1208.15,1210.3 1 1
github.com/define42/ironport/ironport.go:1211.2,1212.24 2 3
github.com/define42/ironport/ironport.go:1212.24,1214.3 1 2
github.com/define42/ironport/ironport.go:1215.2,1215.13 1 3
github.com/define42/ironport/ironport.go:1220.54,1222.2 1 166
github.com/define42/ironport/ironport.go:1227.55,1229.2 1 181
github.com/define42/ironport/ironport.go:1234.64,1236.2 1 78
github.com/define42/ironport/ironport.go:1239.42,1241.2 1 123
github.com/define42/ironport/ironport.go:1246.62,1248.2 1 65
github.com/define42/ironport/ironport.go:1254.59,1256.9 2 66
github.com/define42/ironport/ironport.go:1256.9,1258.3 1 1
github.com/define42/ironport/ironport.go:1259.2,1259.17 1 65
github.com/define42/ironport/ironport.go:1259.17,1267.3 2 2
github.com/define42/ironport/ironport.go:1268.2,1273.4 1 63
github.com/define42/ironport/ironport.go:1281.43,1284.2 2 46
github.com/define42/ironport/ironport.go:1286.68,1287.14 1 93
github.com/define42/ironport/ironport.go:1287.14,1289.3 1 0
github.com/define42/ironport/ironport.go:1290.2,1290.29 1 93
github.com/define42/ironport/ironport.go:1293.72,1294.22 1 53
github.com/define42/ironport/ironport.go:1294.22,1296.3 1 52
github.com/define42/ironport/ironport.go:1297.2,1297.102 1 1
github.com/define42/ironport/ironport.go:1300.108,1301.22 1 93
github.com/define42/ironport/ironport.go:1301.22,1303.3 1 90
github.com/define42/ironport/ironport.go:1304.2,1305.17 2 3
github.com/define42/ironport/ironport.go:1305.17,1307.3 1 3
github.com/define42/ironport/ironport.go:1308.2,1308.13 1 3
github.com/define42/ironport/ironport.go:1315.115,1317.16 2 93
github.com/define42/ironport/ironport.go:1317.16,1318.103 1 93
github.com/define42/ironport/ironport.go:1318.103,1320.4 1 2
github.com/define42/ironport/ironport.go:1328.93,1329.16 1 72
github.com/define42/ironport/ironport.go:1329.16,1330.47 1 72
github.com/define42/ironport/ironport.go:1330.47,1335.22 5 0
github.com/define42/ironport/ironport.go:1335.22,1337.5 1 0
github.com/define42/ironport/ironport.go:1338.4,1338.19 1 0
github.com/define42/ironport/ironport.go:1338.19,1340.5 1 0
github.com/define42/ironport/ironport.go:1348.54,1349.24 1 78
github.com/define42/ironport/ironport.go:1349.24,1351.3 1 63
github.com/define42/ironport/ironport.go:1352.2,1353.31 2 15
github.com/define42/ironport/ironport.go:1353.31,1354.36 1 22
github.com/define42/ironport/ironport.go:1354.36,1356.4 1 9
github.com/define42/ironport/ironport.go:1358.2,1358.14 1 6
github.com/define42/ironport/ironport.go:1366.32,1368.2 1 48
github.com/define42/ironport/ironport.go:1385.54,1395.12 5 4
github.com/define42/ironport/ironport.go:1395.12,1398.3 2 4
github.com/define42/ironport/ironport.go:1400.2,1400.9 1 4
github.com/define42/ironport/ironport.go:1401.14,1402.21 1 3
github.com/define42/ironport/ironport.go:1403.20,1405.12 2 1
github.com/define42/ironport/ironport.go:1405.12,1407.4 1 1
github.com/define42/ironport/ironport.go:1411.3,1412.19 2 1
github.com/define42/ironport/ironport.go:1416.54,1418.15 2 52
github.com/define42/ironport/ironport.go:1418.15,1419.70 1 50
github.com/define42/ironport/ironport.go:1419.70,1421.4 1 0
github.com/define42/ironport/ironport.go:1423.2,1423.18 1 52
github.com/define42/ironport/ironport.go:1423.18,1424.87 1 42
github.com/define42/ironport/ironport.go:1424.87,1426.4 1 0
github.com/define42/ironport/ironport.go:1428.2,1428.12 1 52
github.com/define42/ironport/ironport.go:1431.80,1433.24 2 0
github.com/define42/ironport/ironport.go:1433.24,1437.3 3 0
github.com/define42/ironport/ironport.go:1438.2,1439.37 2 0
github.com/define42/ironport/ironport.go:1442.41,1452.2 8 52
github.com/define42/ironport/ironport.go:1457.43,1460.17 3 17
github.com/define42/ironport/ironport.go:1460.17,1462.3 1 9
github.com/define42/ironport/ironport.go:1463.2,1463.20 1 8
github.com/define42/ironport/ironport.go:1468.46,1471.20 3 84
github.com/define42/ironport/ironport.go:1471.20,1473.3 1 42
github.com/define42/ironport/ironport.go:1474.2,1474.23 1 42
github.com/define42/ironport/ironport.go:1480.77,1489.2 1 62
github.com/define42/ironport/ironport.go:1491.53,1492.35 1 132
github.com/define42/ironport/ironport.go:1492.35,1494.3 1 8
github.com/define42/ironport/ironport.go:1496.2,1497.16 2 124
github.com/define42/ironport/ironport.go:1497.16,1499.3 1 0
github.com/define42/ironport/ironport.go:1504.2,1505.16 2 124
github.com/define42/ironport/ironport.go:1505.16,1507.3 1 4
github.com/define42/ironport/ironport.go:1509.2,1510.16 2 120
github.com/define42/ironport/ironport.go:1510.16,1512.3 1 0
github.com/define42/ironport/ironport.go:1513.2,1513.17 1 120
github.com/define42/ironport/ironport.go:1513.17,1515.3 1 4
github.com/define42/ironport/ironport.go:1517.2,1517.22 1 116
github.com/define42/ironport/ironport.go:1522.54,1527.2 4 129
github.com/define42/ironport/ironport.go:1541.114,1543.25 2 144
github.com/define42/ironport/ironport.go:1543.25,1545.3 1 17
github.com/define42/ironport/ironport.go:1546.2,1547.16 2 127
github.com/define42/ironport/ironport.go:1547.16,1549.3 1 12
github.com/define42/ironport/ironport.go:1550.2,1550.26 1 115
github.com/define42/ironport/ironport.go:1559.87,1564.47 5 15
github.com/define42/ironport/ironport.go:1564.47,1565.27 1 17
github.com/define42/ironport/ironport.go:1565.27,1566.12 1 1
github.com/define42/ironport/ironport.go:1568.3,1569.63 2 16
github.com/define42/ironport/ironport.go:1569.63,1571.4 1 11
github.com/define42/ironport/ironport.go:1572.3,1572.13 1 16
github.com/define42/ironport/ironport.go:1577.2,1577.54 1 15
github.com/define42/ironport/ironport.go:1577.54,1579.3 1 464
github.com/define42/ironport/ironport.go:1580.2,1580.16 1 15
github.com/define42/ironport/ironport.go:1592.54,1597.100 2 118
github.com/define42/ironport/ironport.go:1597.100,1599.10 2 84
github.com/define42/ironport/ironport.go:1599.10,1607.4 2 22
github.com/define42/ironport/ironport.go:1608.3,1608.52 1 62
github.com/define42/ironport/ironport.go:1611.2,1618.85 1 118
github.com/define42/ironport/ironport.go:1618.85,1619.50 1 69
github.com/define42/ironport/ironport.go:1619.50,1627.5 1 69
github.com/define42/ironport/ironport.go:1629.92,1630.50 1 15
github.com/define42/ironport/ironport.go:1630.50,1632.5 1 15
github.com/define42/ironport/ironport.go:1635.2,1636.12 2 118
github.com/define42/ironport/ironport.go:1639.193,1640.15 1 78
github.com/define42/ironport/ironport.go:1640.15,1640.33 1 78
github.com/define42/ironport/ironport.go:1648.2,1651.16 4 78
github.com/define42/ironport/ironport.go:1651.16,1654.3 2 18
github.com/define42/ironport/ironport.go:1657.2,1658.15 2 60
github.com/define42/ironport/ironport.go:1658.15,1658.38 1 60
github.com/define42/ironport/ironport.go:1660.2,1685.27 11 60
github.com/define42/ironport/ironport.go:1685.27,1686.39 1 52
github.com/define42/ironport/ironport.go:1686.39,1688.12 2 0
github.com/define42/ironport/ironport.go:1691.3,1692.17 2 52
github.com/define42/ironport/ironport.go:1692.17,1694.12 2 0
github.com/define42/ironport/ironport.go:1697.3,1697.111 1 52
github.com/define42/ironport/ironport.go:1704.37,1705.17 1 206
github.com/define42/ironport/ironport.go:1705.17,1707.3 1 0
github.com/define42/ironport/ironport.go:1708.2,1709.54 2 206
github.com/define42/ironport/ironport.go:1709.54,1711.3 1 206
github.com/define42/ironport/ironport.go:1712.2,1712.10 1 0
github.com/define42/ironport/ironport.go:1715.197,1716.15 1 53
github.com/define42/ironport/ironport.go:1716.15,1719.3 2 53
github.com/define42/ironport/ironport.go:1721.2,1721.26 1 53
github.com/define42/ironport/ironport.go:1721.26,1722.19 1 53
github.com/define42/ironport/ironport.go:1723.20,1727.28 1 53
github.com/define42/ironport/ironport.go:1727.28,1729.13 2 0
github.com/define42/ironport/ironport.go:1731.4,1733.96 2 53
github.com/define42/ironport/ironport.go:1733.96,1735.13 2 0
github.com/define42/ironport/ironport.go:1737.4,1745.10 3 53
github.com/define42/ironport/ironport.go:1747.11,1748.29 1 0
github.com/define42/ironport/ironport.go:1757.174,1759.16 2 53
github.com/define42/ironport/ironport.go:1759.16,1762.3 2 0
github.com/define42/ironport/ironport.go:1763.2,1763.15 1 53
github.com/define42/ironport/ironport.go:1763.15,1763.33 1 53
github.com/define42/ironport/ironport.go:1765.2,1766.15 2 53
github.com/define42/ironport/ironport.go:1766.15,1766.37 1 53
github.com/define42/ironport/ironport.go:1767.2,1767.66 1 53
github.com/define42/ironport/ironport.go:1767.66,1769.3 1 1
github.com/define42/ironport/ironport.go:1799.73,1800.77 1 9
github.com/define42/ironport/ironport.go:1800.77,1800.93 1 1
github.com/define42/ironport/ironport.go:1801.2,1801.16 1 9
github.com/define42/ironport/ironport.go:1801.16,1803.3 1 1
github.com/define42/ironport/ironport.go:1804.2,1805.16 2 8
github.com/define42/ironport/ironport.go:1805.16,1807.3 1 0
github.com/define42/ironport/ironport.go:1808.2,1808.15 1 7
github.com/define42/ironport/ironport.go:1849.71,1850.44 1 26
github.com/define42/ironport/ironport.go:1850.44,1850.53 1 0
github.com/define42/ironport/ironport.go:1851.2,1851.18 1 26
github.com/define42/ironport/ironport.go:1851.18,1858.3 1 1
github.com/define42/ironport/ironport.go:1859.2,1859.31 1 25
github.com/define42/ironport/ironport.go:1868.48,1869.16 1 3
github.com/define42/ironport/ironport.go:1869.16,1871.3 1 1
github.com/define42/ironport/ironport.go:1872.2,1873.26 2 2
github.com/define42/ironport/ironport.go:1873.26,1875.3 1 2
github.com/define42/ironport/ironport.go:1876.2,1876.15 1 2
github.com/define42/ironport/ironport.go:1879.43,1885.24 6 30
github.com/define42/ironport/ironport.go:1885.24,1888.3 2 2
github.com/define42/ironport/ironport.go:1889.2,1889.16 1 28
github.com/define42/ironport/ironport.go:1889.16,1891.41 2 27
github.com/define42/ironport/ironport.go:1891.41,1896.4 2 2
github.com/define42/ironport/ironport.go:1899.3,1905.5 1 25
github.com/define42/ironport/ironport.go:1907.2,1907.12 1 26
github.com/define42/ironport/ironport.go:1911.74,1912.77 1 31
github.com/define42/ironport/ironport.go:1912.77,1912.93 1 0
github.com/define42/ironport/ironport.go:1913.2,1913.17 1 31
github.com/define42/ironport/ironport.go:1913.17,1915.3 1 1
github.com/define42/ironport/ironport.go:1916.2,1916.25 1 30
github.com/define42/ironport/ironport.go:1916.25,1918.3 1 2
github.com/define42/ironport/ironport.go:1919.2,1922.16 4 28
github.com/define42/ironport/ironport.go:1922.16,1924.3 1 1
github.com/define42/ironport/ironport.go:1925.2,1926.16 2 27
github.com/define42/ironport/ironport.go:1926.16,1928.3 1 1
github.com/define42/ironport/ironport.go:1929.2,1938.8 1 26
github.com/define42/ironport/ironport.go:1941.61,1943.37 2 28
github.com/define42/ironport/ironport.go:1943.37,1945.3 1 1
github.com/define42/ironport/ironport.go:1947.2,1948.19 2 27
github.com/define42/ironport/ironport.go:1948.19,1950.3 1 1
github.com/define42/ironport/ironport.go:1951.2,1951.18 1 27
github.com/define42/ironport/ironport.go:1951.18,1953.3 1 25
github.com/define42/ironport/ironport.go:1954.2,1954.18 1 27
github.com/define42/ironport/ironport.go:1954.18,1956.3 1 23
github.com/define42/ironport/ironport.go:1957.2,1957.17 1 27
github.com/define42/ironport/ironport.go:1957.17,1959.3 1 2
github.com/define42/ironport/ironport.go:1960.2,1960.38 1 27
github.com/define42/ironport/ironport.go:1964.52,1966.17 2 35
github.com/define42/ironport/ironport.go:1966.17,1968.3 1 1
github.com/define42/ironport/ironport.go:1969.2,1969.18 1 34
github.com/define42/ironport/ironport.go:1970.29,1971.42 1 6
github.com/define42/ironport/ironport.go:1973.16,1974.24 1 6
github.com/define42/ironport/ironport.go:1974.24,1976.4 1 1
github.com/define42/ironport/ironport.go:1977.3,1977.59 1 5
github.com/define42/ironport/ironport.go:1977.59,1979.4 1 1
github.com/define42/ironport/ironport.go:1983.3,1992.13 4 4
github.com/define42/ironport/ironport.go:1994.15,1995.49 1 4
github.com/define42/ironport/ironport.go:1997.16,1998.50 1 1
github.com/define42/ironport/ironport.go:2000.15,2001.26 1 16
github.com/define42/ironport/ironport.go:2001.26,2003.4 1 1
github.com/define42/ironport/ironport.go:2004.3,2004.56 1 15
github.com/define42/ironport/ironport.go:2006.17,2010.26 1 1
github.com/define42/ironport/ironport.go:2012.10,2013.56 1 0
github.com/define42/ironport/ironport.go:2018.75,2019.77 1 18
github.com/define42/ironport/ironport.go:2019.77,2019.93 1 1
github.com/define42/ironport/ironport.go:2020.2,2020.16 1 18
github.com/define42/ironport/ironport.go:2020.16,2022.3 1 1
github.com/define42/ironport/ironport.go:2023.2,2023.18 1 17
github.com/define42/ironport/ironport.go:2024.14,2026.17 2 8
github.com/define42/ironport/ironport.go:2026.17,2028.4 1 1
github.com/define42/ironport/ironport.go:2029.3,2029.40 1 6
github.com/define42/ironport/ironport.go:2030.23,2035.17 2 9
github.com/define42/ironport/ironport.go:2035.17,2037.4 1 5
github.com/define42/ironport/ironport.go:2038.3,2038.52 1 4
github.com/define42/ironport/ironport.go:2039.10,2040.66 1 0
github.com/define42/ironport/ironport.go:2067.49,2070.18 3 6
github.com/define42/ironport/ironport.go:2070.18,2072.3 1 0
github.com/define42/ironport/ironport.go:2075.2,2075.21 1 6
github.com/define42/ironport/ironport.go:2075.21,2077.3 1 1
github.com/define42/ironport/ironport.go:2078.2,2078.39 1 5
github.com/define42/ironport/ironport.go:2078.39,2080.3 1 1
github.com/define42/ironport/ironport.go:2081.2,2081.16 1 4
github.com/define42/ironport/ironport.go:2081.16,2085.33 1 1
github.com/define42/ironport/ironport.go:2085.33,2087.4 1 0
github.com/define42/ironport/ironport.go:2088.3,2088.70 1 1
github.com/define42/ironport/ironport.go:2088.70,2090.4 1 0
github.com/define42/ironport/ironport.go:2092.2,2092.23 1 4
github.com/define42/ironport/ironport.go:2092.23,2093.73 1 1
github.com/define42/ironport/ironport.go:2093.73,2095.4 1 0
github.com/define42/ironport/ironport.go:2097.2,2097.18 1 4
github.com/define42/ironport/ironport.go:2097.18,2098.80 1 2
github.com/define42/ironport/ironport.go:2098.80,2100.4 1 0
github.com/define42/ironport/ironport.go:2102.2,2102.12 1 4
github.com/define42/ironport/ironport.go:2105.182,2107.16 2 53
github.com/define42/ironport/ironport.go:2107.16,2109.3 1 0
github.com/define42/ironport/ironport.go:2110.2,2125.12 2 53
github.com/define42/ironport/ironport.go:2130.84,2131.44 1 16
github.com/define42/ironport/ironport.go:2131.44,2131.53 1 0
github.com/define42/ironport/ironport.go:2132.2,2132.16 1 16
github.com/define42/ironport/ironport.go:2132.16,2134.3 1 1
github.com/define42/ironport/ironport.go:2135.2,2135.35 1 15
github.com/define42/ironport/ironport.go:2135.35,2137.3 1 6
github.com/define42/ironport/ironport.go:2138.2,2139.18 2 9
github.com/define42/ironport/ironport.go:2139.18,2141.3 1 5
github.com/define42/ironport/ironport.go:2142.2,2142.15 1 4
github.com/define42/ironport/ironport.go:2145.60,2147.2 1 10
github.com/define42/ironport/ironport.go:2221.125,2238.15 2 56
github.com/define42/ironport/ironport.go:2238.15,2241.17 3 56
github.com/define42/ironport/ironport.go:2241.17,2243.18 1 56
github.com/define42/ironport/ironport.go:2243.19,2244.5 0 15
github.com/define42/ironport/ironport.go:2247.2,2251.49 4 56
github.com/define42/ironport/ironport.go:2251.49,2253.3 1 0
github.com/define42/ironport/ironport.go:2255.2,2265.21 5 56
github.com/define42/ironport/ironport.go:2265.21,2269.3 3 56
github.com/define42/ironport/ironport.go:2270.2,2270.6 1 56
github.com/define42/ironport/ironport.go:2270.6,2273.11 3 478
github.com/define42/ironport/ironport.go:2273.11,2275.4 1 41
github.com/define42/ironport/ironport.go:2276.3,2277.17 2 437
github.com/define42/ironport/ironport.go:2277.17,2278.12 1 0
github.com/define42/ironport/ironport.go:2280.3,2281.38 2 437
github.com/define42/ironport/ironport.go:2281.38,2283.4 1 15
github.com/define42/ironport/ironport.go:2287.53,2288.14 1 478
github.com/define42/ironport/ironport.go:2288.14,2290.3 1 0
github.com/define42/ironport/ironport.go:2291.2,2291.15 1 478
github.com/define42/ironport/ironport.go:2291.15,2292.10 1 0
github.com/define42/ironport/ironport.go:2293.14,2293.14 0 0
github.com/define42/ironport/ironport.go:2294.11,2294.11 0 0
github.com/define42/ironport/ironport.go:2297.2,2297.12 1 478
github.com/define42/ironport/ironport.go:2304.96,2305.9 1 478
github.com/define42/ironport/ironport.go:2306.29,2307.10 1 478
github.com/define42/ironport/ironport.go:2307.10,2309.4 1 1
github.com/define42/ironport/ironport.go:2310.3,2310.21 1 477
github.com/define42/ironport/ironport.go:2310.21,2313.4 2 40
github.com/define42/ironport/ironport.go:2314.3,2314.20 1 437
github.com/define42/ironport/ironport.go:2315.15,2317.27 2 0
github.com/define42/ironport/ironport.go:2321.69,2322.39 1 40
github.com/define42/ironport/ironport.go:2322.39,2326.3 3 1
github.com/define42/ironport/ironport.go:2327.2,2327.29 1 39
github.com/define42/ironport/ironport.go:2327.29,2329.3 1 1
github.com/define42/ironport/ironport.go:2335.36,2340.2 4 60
github.com/define42/ironport/ironport.go:2349.35,2350.25 1 5
github.com/define42/ironport/ironport.go:2350.25,2352.3 1 0
github.com/define42/ironport/ironport.go:2353.2,2361.20 6 5
github.com/define42/ironport/ironport.go:2375.41,2378.6 3 60
github.com/define42/ironport/ironport.go:2378.6,2379.10 1 521
github.com/define42/ironport/ironport.go:2380.23,2381.10 1 0
github.com/define42/ironport/ironport.go:2382.11,2382.11 0 521
github.com/define42/ironport/ironport.go:2384.3,2385.17 2 521
github.com/define42/ironport/ironport.go:2385.17,2389.11 1 60
github.com/define42/ironport/ironport.go:2390.24,2391.11 1 5
github.com/define42/ironport/ironport.go:2392.12,2392.12 0 55
github.com/define42/ironport/ironport.go:2394.4,2394.11 1 55
github.com/define42/ironport/ironport.go:2395.41,2395.41 0 55
github.com/define42/ironport/ironport.go:2396.24,2396.24 0 0
github.com/define42/ironport/ironport.go:2398.4,2398.10 1 55
github.com/define42/ironport/ironport.go:2400.3,2400.10 1 461
github.com/define42/ironport/ironport.go:2401.42,2401.42 0 461
github.com/define42/ironport/ironport.go:2402.23,2403.10 1 0
github.com/define42/ironport/ironport.go:2413.70,2415.6 2 539
github.com/define42/ironport/ironport.go:2415.6,2417.17 2 17330
github.com/define42/ironport/ironport.go:2417.17,2419.4 1 66
github.com/define42/ironport/ironport.go:2420.3,2420.16 1 17264
github.com/define42/ironport/ironport.go:2420.16,2422.4 1 470
github.com/define42/ironport/ironport.go:2423.3,2423.27 1 16794
github.com/define42/ironport/ironport.go:2423.27,2426.4 2 3
github.com/define42/ironport/ironport.go:2427.3,2427.23 1 16791
github.com/define42/ironport/ironport.go:2434.43,2435.6 1 3
github.com/define42/ironport/ironport.go:2435.6,2437.30 2 191
github.com/define42/ironport/ironport.go:2437.30,2439.4 1 3
github.com/define42/ironport/ironport.go:2443.52,2445.16 2 468
github.com/define42/ironport/ironport.go:2445.16,2447.3 1 2
github.com/define42/ironport/ironport.go:2448.2,2450.48 3 466
github.com/define42/ironport/ironport.go:2450.48,2453.3 2 305
github.com/define42/ironport/ironport.go:2454.2,2454.34 1 466
github.com/define42/ironport/ironport.go:2457.61,2459.13 2 437
github.com/define42/ironport/ironport.go:2459.13,2461.3 1 163
github.com/define42/ironport/ironport.go:2462.2,2462.22 1 274
github.com/define42/ironport/ironport.go:2462.22,2465.3 2 1
github.com/define42/ironport/ironport.go:2466.2,2467.14 2 273
github.com/define42/ironport/ironport.go:2474.81,2475.19 1 437
github.com/define42/ironport/ironport.go:2475.19,2478.3 2 15
github.com/define42/ironport/ironport.go:2479.2,2479.48 1 422
github.com/define42/ironport/ironport.go:2479.48,2482.3 2 148
github.com/define42/ironport/ironport.go:2483.2,2483.21 1 274
github.com/define42/ironport/ironport.go:2492.42,2492.60 1 56
github.com/define42/ironport/ironport.go:2493.42,2493.60 1 55
github.com/define42/ironport/ironport.go:2494.40,2494.66 1 2
github.com/define42/ironport/ironport.go:2495.40,2495.77 1 1
github.com/define42/ironport/ironport.go:2496.40,2496.55 1 5
github.com/define42/ironport/ironport.go:2497.42,2497.60 1 8
github.com/define42/ironport/ironport.go:2500.42,2500.60 1 2
github.com/define42/ironport/ironport.go:2501.42,2501.60 1 3
github.com/define42/ironport/ironport.go:2502.42,2502.60 1 3
github.com/define42/ironport/ironport.go:2503.40,2503.55 1 2
github.com/define42/ironport/ironport.go:2504.42,2504.60 1 5
github.com/define42/ironport/ironport.go:2505.40,2505.55 1 3
github.com/define42/ironport/ironport.go:2506.42,2506.60 1 3
github.com/define42/ironport/ironport.go:2508.39,2508.74 1 0
github.com/define42/ironport/ironport.go:2511.42,2512.48 1 56
github.com/define42/ironport/ironport.go:2512.48,2515.3 2 1
github.com/define42/ironport/ironport.go:2516.2,2520.39 5 55
github.com/define42/ironport/ironport.go:2523.42,2524.48 1 55
github.com/define42/ironport/ironport.go:2524.48,2527.3 2 0
github.com/define42/ironport/ironport.go:2528.2,2528.22 1 55
github.com/define42/ironport/ironport.go:2528.22,2531.3 2 0
github.com/define42/ironport/ironport.go:2532.2,2532.26 1 55
github.com/define42/ironport/ironport.go:2532.26,2536.3 3 3
github.com/define42/ironport/ironport.go:2537.2,2539.38 3 52
github.com/define42/ironport/ironport.go:2542.32,2543.22 1 3
github.com/define42/ironport/ironport.go:2543.22,2546.3 2 0
github.com/define42/ironport/ironport.go:2550.2,2551.18 2 3
github.com/define42/ironport/ironport.go:2554.66,2555.47 1 273
github.com/define42/ironport/ironport.go:2555.47,2558.3 2 269
github.com/define42/ironport/ironport.go:2562.2,2562.13 1 4
github.com/define42/ironport/ironport.go:2563.22,2569.41 1 2
github.com/define42/ironport/ironport.go:2570.10,2571.46 1 2
github.com/define42/ironport/ironport.go:2582.39,2584.3 1 3
github.com/define42/ironport/ironport.go:2585.40,2587.3 1 0
github.com/define42/ironport/ironport.go:2588.42,2588.59 1 4
github.com/define42/ironport/ironport.go:2589.40,2589.58 1 1
github.com/define42/ironport/ironport.go:2590.42,2590.60 1 24
github.com/define42/ironport/ironport.go:2591.42,2591.60 1 0
github.com/define42/ironport/ironport.go:2592.42,2592.60 1 0
github.com/define42/ironport/ironport.go:2593.42,2593.60 1 0
github.com/define42/ironport/ironport.go:2594.40,2594.65 1 78
github.com/define42/ironport/ironport.go:2595.42,2595.60 1 4
github.com/define42/ironport/ironport.go:2596.42,2596.68 1 12
github.com/define42/ironport/ironport.go:2597.42,2597.68 1 11
github.com/define42/ironport/ironport.go:2598.42,2598.67 1 6
github.com/define42/ironport/ironport.go:2599.42,2599.66 1 3
github.com/define42/ironport/ironport.go:2600.42,2600.60 1 9
github.com/define42/ironport/ironport.go:2601.42,2601.67 1 61
github.com/define42/ironport/ironport.go:2602.42,2602.66 1 1
github.com/define42/ironport/ironport.go:2603.42,2603.60 1 5
github.com/define42/ironport/ironport.go:2604.42,2604.60 1 7
github.com/define42/ironport/ironport.go:2605.42,2605.60 1 4
github.com/define42/ironport/ironport.go:2606.42,2606.60 1 3
github.com/define42/ironport/ironport.go:2607.42,2607.62 1 3
github.com/define42/ironport/ironport.go:2608.42,2608.61 1 4
github.com/define42/ironport/ironport.go:2609.42,2609.61 1 0
github.com/define42/ironport/ironport.go:2610.42,2610.61 1 3
github.com/define42/ironport/ironport.go:2611.42,2611.61 1 0
github.com/define42/ironport/ironport.go:2612.42,2612.60 1 4
github.com/define42/ironport/ironport.go:2613.42,2613.60 1 4
github.com/define42/ironport/ironport.go:2614.40,2619.3 4 11
github.com/define42/ironport/ironport.go:2620.42,2620.60 1 1
github.com/define42/ironport/ironport.go:2621.42,2621.60 1 2
github.com/define42/ironport/ironport.go:2622.40,2626.3 1 1
github.com/define42/ironport/ironport.go:2629.42,2633.70 2 24
github.com/define42/ironport/ironport.go:2633.70,2636.3 2 24
github.com/define42/ironport/ironport.go:2637.2,2637.38 1 0
github.com/define42/ironport/ironport.go:2640.42,2641.52 1 0
github.com/define42/ironport/ironport.go:2641.52,2644.3 2 0
github.com/define42/ironport/ironport.go:2645.2,2645.38 1 0
github.com/define42/ironport/ironport.go:2648.42,2649.52 1 0
github.com/define42/ironport/ironport.go:2649.52,2652.3 2 0
github.com/define42/ironport/ironport.go:2653.2,2653.43 1 0
github.com/define42/ironport/ironport.go:2656.42,2657.58 1 0
github.com/define42/ironport/ironport.go:2657.58,2660.3 2 0
github.com/define42/ironport/ironport.go:2661.2,2661.40 1 0
github.com/define42/ironport/ironport.go:2664.42,2665.54 1 4
github.com/define42/ironport/ironport.go:2665.54,2670.3 4 2
github.com/define42/ironport/ironport.go:2671.2,2671.22 1 2
github.com/define42/ironport/ironport.go:2674.32,2688.33 2 5
github.com/define42/ironport/ironport.go:2688.33,2690.3 1 1
github.com/define42/ironport/ironport.go:2691.2,2691.34 1 5
github.com/define42/ironport/ironport.go:2691.34,2693.3 1 1
github.com/define42/ironport/ironport.go:2694.2,2694.57 1 5
github.com/define42/ironport/ironport.go:2697.42,2698.22 1 3
github.com/define42/ironport/ironport.go:2698.22,2701.3 2 0
github.com/define42/ironport/ironport.go:2702.2,2702.16 1 3
github.com/define42/ironport/ironport.go:2702.16,2705.3 2 0
github.com/define42/ironport/ironport.go:2706.2,2706.49 1 3
github.com/define42/ironport/ironport.go:2707.11,2708.29 1 0
github.com/define42/ironport/ironport.go:2708.29,2711.4 2 0
github.com/define42/ironport/ironport.go:2712.3,2713.52 2 0
github.com/define42/ironport/ironport.go:2714.11,2716.54 2 3
github.com/define42/ironport/ironport.go:2717.16,2718.53 1 0
github.com/define42/ironport/ironport.go:2719.10,2720.47 1 0
github.com/define42/ironport/ironport.go:2738.42,2739.33 1 5
github.com/define42/ironport/ironport.go:2739.33,2741.3 1 0
github.com/define42/ironport/ironport.go:2743.2,2743.54 1 5
github.com/define42/ironport/ironport.go:2743.54,2745.3 1 0
github.com/define42/ironport/ironport.go:2748.2,2750.29 2 5
github.com/define42/ironport/ironport.go:2750.29,2753.3 2 1
github.com/define42/ironport/ironport.go:2757.2,2759.30 2 4
github.com/define42/ironport/ironport.go:2759.30,2761.3 1 0
github.com/define42/ironport/ironport.go:2762.2,2762.17 1 4
github.com/define42/ironport/ironport.go:2767.59,2768.34 1 5
github.com/define42/ironport/ironport.go:2768.34,2771.3 2 0
github.com/define42/ironport/ironport.go:2772.2,2772.22 1 5
github.com/define42/ironport/ironport.go:2772.22,2775.3 2 0
github.com/define42/ironport/ironport.go:2776.2,2776.49 1 5
github.com/define42/ironport/ironport.go:2777.29,2778.14 1 5
github.com/define42/ironport/ironport.go:2779.10,2781.15 2 0
github.com/define42/ironport/ironport.go:2782.10,2784.15 2 0
github.com/define42/ironport/ironport.go:2793.48,2794.6 1 5
github.com/define42/ironport/ironport.go:2794.6,2795.10 1 5
github.com/define42/ironport/ironport.go:2796.30,2797.11 1 5
github.com/define42/ironport/ironport.go:2797.11,2799.5 1 4
github.com/define42/ironport/ironport.go:2800.4,2800.59 1 1
github.com/define42/ironport/ironport.go:2800.59,2803.5 2 1
github.com/define42/ironport/ironport.go:2804.11,2805.26 1 0
github.com/define42/ironport/ironport.go:2805.26,2807.5 1 0
github.com/define42/ironport/ironport.go:2808.4,2808.15 1 0
github.com/define42/ironport/ironport.go:2813.47,2816.2 2 0
github.com/define42/ironport/ironport.go:2818.52,2825.2 6 4
github.com/define42/ironport/ironport.go:2827.49,2831.71 4 4
github.com/define42/ironport/ironport.go:2831.71,2835.3 3 0
github.com/define42/ironport/ironport.go:2836.2,2845.13 8 4
github.com/define42/ironport/ironport.go:2848.53,2849.86 1 60
github.com/define42/ironport/ironport.go:2849.86,2851.3 1 60
github.com/define42/ironport/ironport.go:2852.2,2852.9 1 60
github.com/define42/ironport/ironport.go:2852.9,2854.3 1 7
github.com/define42/ironport/ironport.go:2859.2,2860.16 2 53
github.com/define42/ironport/ironport.go:2860.16,2863.3 2 0
github.com/define42/ironport/ironport.go:2865.2,2881.13 9 53
github.com/define42/ironport/ironport.go:2884.65,2891.2 1 108
github.com/define42/ironport/ironport.go:2893.46,2894.22 1 113
github.com/define42/ironport/ironport.go:2894.22,2896.3 1 61
github.com/define42/ironport/ironport.go:2897.2,2902.15 6 52
github.com/define42/ironport/ironport.go:2907.34,2908.17 1 161
github.com/define42/ironport/ironport.go:2908.17,2911.3 2 52
github.com/define42/ironport/ironport.go:2914.60,2916.16 2 585
github.com/define42/ironport/ironport.go:2916.16,2918.3 1 0
github.com/define42/ironport/ironport.go:2919.2,2919.20 1 585
github.com/define42/ironport/ironport.go:2922.96,2923.70 1 11
github.com/define42/ironport/ironport.go:2923.70,2925.3 1 0
github.com/define42/ironport/ironport.go:2926.2,2926.29 1 11
github.com/define42/ironport/ironport.go:2926.29,2927.62 1 85
github.com/define42/ironport/ironport.go:2927.62,2929.4 1 0
github.com/define42/ironport/ironport.go:2931.2,2931.69 1 11
github.com/define42/ironport/ironport.go:2931.69,2933.3 1 0
github.com/define42/ironport/ironport.go:2934.2,2934.20 1 11
github.com/define42/ironport/ironport.go:2937.49,2940.13 3 100
github.com/define42/ironport/ironport.go:2940.13,2942.3 1 6
github.com/define42/ironport/ironport.go:2943.2,2943.32 1 94
github.com/define42/ironport/ironport.go:2943.32,2945.3 1 91
github.com/define42/ironport/ironport.go:2946.2,2947.14 2 94
github.com/define42/ironport/ironport.go:2947.14,2949.3 1 0
github.com/define42/ironport/ironport.go:2950.2,2950.10 1 94
github.com/define42/ironport/ironport.go:2953.38,2955.54 2 112
github.com/define42/ironport/ironport.go:2955.54,2958.3 2 8
github.com/define42/ironport/ironport.go:2959.2,2959.10 1 112
github.com/define42/ironport/ironport.go:2962.36,2965.2 2 9
github.com/define42/ironport/ironport.go:2974.37,2975.44 1 23
github.com/define42/ironport/ironport.go:2975.44,2976.36 1 24
github.com/define42/ironport/ironport.go:2976.36,2977.12 1 14
github.com/define42/ironport/ironport.go:2979.3,2979.15 1 10
github.com/define42/ironport/ironport.go:2981.2,2981.11 1 13
github.com/define42/ironport/ironport.go:2984.41,2985.41 1 5
github.com/define42/ironport/ironport.go:2985.41,2988.3 2 1
github.com/define42/ironport/ironport.go:2989.2,2991.16 3 4
github.com/define42/ironport/ironport.go:2991.16,2994.3 2 1
github.com/define42/ironport/ironport.go:2995.2,2995.17 1 3
github.com/define42/ironport/ironport.go:2995.17,2998.3 2 1
github.com/define42/ironport/ironport.go:2999.2,3000.39 2 2
github.com/define42/ironport/ironport.go:3003.46,3007.30 3 80
github.com/define42/ironport/ironport.go:3007.30,3010.3 2 0
github.com/define42/ironport/ironport.go:3012.2,3013.30 2 80
github.com/define42/ironport/ironport.go:3013.30,3016.3 2 0
github.com/define42/ironport/ironport.go:3018.2,3019.16 2 80
github.com/define42/ironport/ironport.go:3019.16,3022.3 2 5
github.com/define42/ironport/ironport.go:3023.2,3026.10 3 75
github.com/define42/ironport/ironport.go:3026.10,3029.3 2 2
github.com/define42/ironport/ironport.go:3031.2,3034.112 4 73
github.com/define42/ironport/ironport.go:3037.50,3039.28 2 12
github.com/define42/ironport/ironport.go:3039.28,3042.3 2 3
github.com/define42/ironport/ironport.go:3044.2,3045.16 2 9
github.com/define42/ironport/ironport.go:3045.16,3048.3 2 3
github.com/define42/ironport/ironport.go:3049.2,3049.21 1 6
github.com/define42/ironport/ironport.go:3052.50,3054.28 2 11
github.com/define42/ironport/ironport.go:3054.28,3057.3 2 3
github.com/define42/ironport/ironport.go:3059.2,3060.16 2 8
github.com/define42/ironport/ironport.go:3060.16,3063.3 2 4
github.com/define42/ironport/ironport.go:3064.2,3064.21 1 4
github.com/define42/ironport/ironport.go:3067.47,3069.2 1 23
github.com/define42/ironport/ironport.go:3071.53,3072.37 1 10
github.com/define42/ironport/ironport.go:3072.37,3075.3 2 2
github.com/define42/ironport/ironport.go:3076.2,3078.39 3 8
github.com/define42/ironport/ironport.go:3081.58,3084.2 2 10
github.com/define42/ironport/ironport.go:3086.56,3088.21 2 9
github.com/define42/ironport/ironport.go:3088.21,3090.3 1 1
github.com/define42/ironport/ironport.go:3091.2,3092.29 2 8
github.com/define42/ironport/ironport.go:3092.29,3094.37 2 47
github.com/define42/ironport/ironport.go:3094.37,3096.4 1 1
github.com/define42/ironport/ironport.go:3097.3,3097.16 1 46
github.com/define42/ironport/ironport.go:3099.2,3100.31 2 7
github.com/define42/ironport/ironport.go:3100.31,3102.3 1 1
github.com/define42/ironport/ironport.go:3103.2,3108.8 1 6
github.com/define42/ironport/ironport.go:3111.56,3113.18 2 8
github.com/define42/ironport/ironport.go:3113.18,3115.3 1 0
github.com/define42/ironport/ironport.go:3116.2,3118.39 3 8
github.com/define42/ironport/ironport.go:3118.39,3120.3 1 1
github.com/define42/ironport/ironport.go:3121.2,3123.15 3 7
github.com/define42/ironport/ironport.go:3123.15,3125.3 1 0
github.com/define42/ironport/ironport.go:3126.2,3126.16 1 7
github.com/define42/ironport/ironport.go:3127.11,3129.16 2 5
github.com/define42/ironport/ironport.go:3129.16,3131.4 1 1
github.com/define42/ironport/ironport.go:3132.11,3133.22 1 1
github.com/define42/ironport/ironport.go:3133.22,3135.4 1 1
github.com/define42/ironport/ironport.go:3136.10,3137.41 1 1
github.com/define42/ironport/ironport.go:3139.2,3140.45 2 4
github.com/define42/ironport/ironport.go:3140.45,3142.3 1 0
github.com/define42/ironport/ironport.go:3143.2,3143.46 1 4
github.com/define42/ironport/ironport.go:3146.57,3148.16 2 79
github.com/define42/ironport/ironport.go:3148.16,3150.3 1 5
github.com/define42/ironport/ironport.go:3151.2,3151.23 1 74
github.com/define42/ironport/ironport.go:3151.23,3153.3 1 71
github.com/define42/ironport/ironport.go:3158.2,3158.38 1 3
github.com/define42/ironport/ironport.go:3158.38,3161.3 2 0
github.com/define42/ironport/ironport.go:3162.2,3165.66 4 3
github.com/define42/ironport/ironport.go:3165.66,3168.3 2 0
github.com/define42/ironport/ironport.go:3169.2,3170.16 2 3
github.com/define42/ironport/ironport.go:3173.63,3174.21 1 79
github.com/define42/ironport/ironport.go:3174.21,3176.3 1 70
github.com/define42/ironport/ironport.go:3177.2,3177.23 1 9
github.com/define42/ironport/ironport.go:3177.23,3179.3 1 6
github.com/define42/ironport/ironport.go:3180.2,3180.56 1 3
github.com/define42/ironport/ironport.go:3183.64,3186.15 3 70
github.com/define42/ironport/ironport.go:3186.15,3186.33 1 70
github.com/define42/ironport/ironport.go:3188.2,3188.44 1 70
github.com/define42/ironport/ironport.go:3188.44,3189.71 1 69
github.com/define42/ironport/ironport.go:3189.71,3191.4 1 69
github.com/define42/ironport/ironport.go:3194.2,3195.16 2 70
github.com/define42/ironport/ironport.go:3195.16,3197.3 1 1
github.com/define42/ironport/ironport.go:3201.2,3201.65 1 69
github.com/define42/ironport/ironport.go:3201.65,3204.3 2 0
github.com/define42/ironport/ironport.go:3205.2,3205.16 1 69
github.com/define42/ironport/ironport.go:3208.61,3212.70 4 6
github.com/define42/ironport/ironport.go:3212.70,3214.3 1 6
github.com/define42/ironport/ironport.go:3215.2,3216.42 2 6
github.com/define42/ironport/ironport.go:3232.33,3233.34 1 74
github.com/define42/ironport/ironport.go:3233.34,3235.3 1 3
github.com/define42/ironport/ironport.go:3236.2,3236.16 1 74
github.com/define42/ironport/ironport.go:3239.42,3240.21 1 182
github.com/define42/ironport/ironport.go:3240.21,3243.3 2 7
github.com/define42/ironport/ironport.go:3246.42,3249.2 2 171
github.com/define42/ironport/ironport.go:3260.100,3262.12 2 72
github.com/define42/ironport/ironport.go:3262.12,3264.3 1 72
github.com/define42/ironport/ironport.go:3266.2,3266.6 1 72
github.com/define42/ironport/ironport.go:3266.6,3267.10 1 73
github.com/define42/ironport/ironport.go:3268.29,3269.29 1 50
github.com/define42/ironport/ironport.go:3270.30,3271.29 1 23
github.com/define42/ironport/ironport.go:3271.29,3275.5 3 0
github.com/define42/ironport/ironport.go:3276.4,3277.21 2 23
github.com/define42/ironport/ironport.go:3277.21,3281.5 3 22
github.com/define42/ironport/ironport.go:3282.4,3282.44 1 1
github.com/define42/ironport/ironport.go:3291.37,3294.2 2 22
github.com/define42/ironport/ironport.go:3296.58,3297.21 1 9
github.com/define42/ironport/ironport.go:3297.21,3300.3 2 1
github.com/define42/ironport/ironport.go:3301.2,3303.16 3 8
github.com/define42/ironport/ironport.go:3303.16,3306.3 2 0
github.com/define42/ironport/ironport.go:3308.2,3308.64 1 8
github.com/define42/ironport/ironport.go:3308.64,3310.3 1 0
github.com/define42/ironport/ironport.go:3311.2,3312.16 2 8
github.com/define42/ironport/ironport.go:3312.16,3315.3 2 2
github.com/define42/ironport/ironport.go:3316.2,3323.53 4 6
github.com/define42/ironport/ironport.go:3323.53,3324.60 1 6
github.com/define42/ironport/ironport.go:3324.60,3325.17 1 1548
github.com/define42/ironport/ironport.go:3325.17,3327.5 1 1545
github.com/define42/ironport/ironport.go:3328.4,3328.34 1 3
github.com/define42/ironport/ironport.go:3330.3,3330.40 1 6
github.com/define42/ironport/ironport.go:3330.40,3333.4 2 1548
github.com/define42/ironport/ironport.go:3334.3,3334.18 1 6
github.com/define42/ironport/ironport.go:3334.18,3336.4 1 2
github.com/define42/ironport/ironport.go:3340.3,3340.64 1 4
github.com/define42/ironport/ironport.go:3340.64,3342.4 1 1546
github.com/define42/ironport/ironport.go:3344.2,3344.13 1 6
github.com/define42/ironport/ironport.go:3344.13,3347.3 2 0
github.com/define42/ironport/ironport.go:3348.2,3348.20 1 6
github.com/define42/ironport/ironport.go:3348.20,3351.3 2 0
github.com/define42/ironport/ironport.go:3352.2,3352.39 1 6
github.com/define42/ironport/ironport.go:3355.56,3359.84 4 12
github.com/define42/ironport/ironport.go:3359.84,3361.3 1 2
github.com/define42/ironport/ironport.go:3362.2,3362.121 1 12
github.com/define42/ironport/ironport.go:3365.45,3367.18 2 12
github.com/define42/ironport/ironport.go:3367.18,3369.3 1 1
github.com/define42/ironport/ironport.go:3369.8,3369.37 1 11
github.com/define42/ironport/ironport.go:3369.37,3371.3 1 0
github.com/define42/ironport/ironport.go:3372.2,3387.25 2 12
github.com/define42/ironport/ironport.go:3387.25,3388.22 1 108
github.com/define42/ironport/ironport.go:3388.22,3390.4 1 27
github.com/define42/ironport/ironport.go:3392.2,3392.20 1 12
github.com/define42/ironport/ironport.go:3400.81,3405.2 4 72
github.com/define42/ironport/ironport.go:3407.42,3409.21 2 9
github.com/define42/ironport/ironport.go:3409.21,3412.3 2 1
github.com/define42/ironport/ironport.go:3413.2,3415.16 3 8
github.com/define42/ironport/ironport.go:3415.16,3418.3 2 0
github.com/define42/ironport/ironport.go:3419.2,3419.15 1 8
github.com/define42/ironport/ironport.go:3419.15,3419.35 1 8
github.com/define42/ironport/ironport.go:3421.2,3421.23 1 8
github.com/define42/ironport/ironport.go:3421.23,3422.67 1 2
github.com/define42/ironport/ironport.go:3422.67,3425.4 2 0
github.com/define42/ironport/ironport.go:3428.2,3428.64 1 8
github.com/define42/ironport/ironport.go:3428.64,3430.3 1 0
github.com/define42/ironport/ironport.go:3431.2,3432.16 2 8
github.com/define42/ironport/ironport.go:3432.16,3435.3 2 1
github.com/define42/ironport/ironport.go:3436.2,3443.53 4 7
github.com/define42/ironport/ironport.go:3443.53,3446.3 2 7
github.com/define42/ironport/ironport.go:3447.2,3447.13 1 7
github.com/define42/ironport/ironport.go:3447.13,3450.3 2 0
github.com/define42/ironport/ironport.go:3451.2,3451.20 1 7
github.com/define42/ironport/ironport.go:3451.20,3454.3 2 0
github.com/define42/ironport/ironport.go:3455.2,3455.39 1 7
github.com/define42/ironport/ironport.go:3458.59,3460.22 2 63
github.com/define42/ironport/ironport.go:3460.22,3463.3 2 1
github.com/define42/ironport/ironport.go:3464.2,3464.18 1 62
github.com/define42/ironport/ironport.go:3464.18,3467.3 2 1
github.com/define42/ironport/ironport.go:3468.2,3470.64 2 61
github.com/define42/ironport/ironport.go:3470.64,3472.3 1 0
github.com/define42/ironport/ironport.go:3473.2,3474.16 2 61
github.com/define42/ironport/ironport.go:3474.16,3477.3 2 1
github.com/define42/ironport/ironport.go:3478.2,3481.9 3 60
github.com/define42/ironport/ironport.go:3481.9,3483.3 1 2
github.com/define42/ironport/ironport.go:3485.2,3487.89 3 58
github.com/define42/ironport/ironport.go:3487.89,3489.3 1 24
github.com/define42/ironport/ironport.go:3490.2,3491.39 2 34
github.com/define42/ironport/ironport.go:3498.108,3500.9 2 60
github.com/define42/ironport/ironport.go:3501.18,3502.23 1 1
github.com/define42/ironport/ironport.go:3503.25,3503.25 0 4
github.com/define42/ironport/ironport.go:3505.10,3506.22 1 55
github.com/define42/ironport/ironport.go:3509.2,3510.16 2 60
github.com/define42/ironport/ironport.go:3510.16,3513.3 2 0
github.com/define42/ironport/ironport.go:3514.2,3514.38 1 60
github.com/define42/ironport/ironport.go:3514.38,3515.49 1 4
github.com/define42/ironport/ironport.go:3515.49,3517.4 1 2
github.com/define42/ironport/ironport.go:3519.2,3519.19 1 58
github.com/define42/ironport/ironport.go:3531.119,3534.52 3 58
github.com/define42/ironport/ironport.go:3534.52,3538.3 3 58
github.com/define42/ironport/ironport.go:3539.2,3540.44 2 58
github.com/define42/ironport/ironport.go:3546.132,3547.9 1 58
github.com/define42/ironport/ironport.go:3548.15,3550.19 2 22
github.com/define42/ironport/ironport.go:3551.22,3553.39 2 1
github.com/define42/ironport/ironport.go:3554.23,3556.40 2 0
github.com/define42/ironport/ironport.go:3557.51,3559.89 2 1
github.com/define42/ironport/ironport.go:3560.10,3561.14 1 34
github.com/define42/ironport/ironport.go:3563.2,3563.14 1 24
github.com/define42/ironport/ironport.go:3572.82,3574.20 2 4
github.com/define42/ironport/ironport.go:3574.20,3578.3 3 0
github.com/define42/ironport/ironport.go:3579.2,3579.31 1 4
github.com/define42/ironport/ironport.go:3579.31,3584.3 4 2
github.com/define42/ironport/ironport.go:3585.2,3585.66 1 2
github.com/define42/ironport/ironport.go:3585.66,3589.3 3 0
github.com/define42/ironport/ironport.go:3590.2,3590.13 1 2
github.com/define42/ironport/ironport.go:3601.63,3603.37 2 37
github.com/define42/ironport/ironport.go:3603.37,3606.3 2 1
github.com/define42/ironport/ironport.go:3607.2,3613.4 1 36
github.com/define42/ironport/ironport.go:3621.42,3623.15 2 8
github.com/define42/ironport/ironport.go:3623.15,3625.75 2 5
github.com/define42/ironport/ironport.go:3625.75,3628.4 2 2
github.com/define42/ironport/ironport.go:3629.3,3630.9 2 3
github.com/define42/ironport/ironport.go:3632.2,3640.33 2 3
github.com/define42/ironport/ironport.go:3640.33,3642.3 1 1
github.com/define42/ironport/ironport.go:3643.2,3643.83 1 3
github.com/define42/ironport/ironport.go:3651.42,3653.15 2 3
github.com/define42/ironport/ironport.go:3653.15,3656.3 2 1
github.com/define42/ironport/ironport.go:3657.2,3658.39 2 2
github.com/define42/ironport/ironport.go:3658.39,3661.3 2 1
github.com/define42/ironport/ironport.go:3662.2,3662.44 1 1
github.com/define42/ironport/ironport.go:3670.42,3671.21 1 3
github.com/define42/ironport/ironport.go:3671.21,3676.3 2 1
github.com/define42/ironport/ironport.go:3677.2,3678.52 2 2
github.com/define42/ironport/ironport.go:3678.52,3681.3 2 1
github.com/define42/ironport/ironport.go:3682.2,3682.35 1 1
github.com/define42/ironport/ironport.go:3692.32,3708.2 12 2
github.com/define42/ironport/ironport.go:3714.42,3720.19 2 2
github.com/define42/ironport/ironport.go:3720.19,3729.3 3 1
github.com/define42/ironport/ironport.go:3730.2,3730.22 1 1
github.com/define42/ironport/ironport.go:3730.22,3733.3 2 0
github.com/define42/ironport/ironport.go:3734.2,3734.21 1 1
github.com/define42/ironport/ironport.go:3734.21,3737.3 2 0
github.com/define42/ironport/ironport.go:3738.2,3740.16 3 1
github.com/define42/ironport/ironport.go:3740.16,3743.3 2 0
github.com/define42/ironport/ironport.go:3744.2,3745.16 2 1
github.com/define42/ironport/ironport.go:3745.16,3747.17 2 1
github.com/define42/ironport/ironport.go:3747.17,3750.4 2 0
github.com/define42/ironport/ironport.go:3751.3,3751.32 1 1
github.com/define42/ironport/ironport.go:3751.32,3753.4 1 2
github.com/define42/ironport/ironport.go:3754.8,3756.3 1 0
github.com/define42/ironport/ironport.go:3757.2,3757.91 1 1
github.com/define42/ironport/ironport.go:3763.42,3764.21 1 1
github.com/define42/ironport/ironport.go:3764.21,3767.3 2 0
github.com/define42/ironport/ironport.go:3768.2,3770.16 3 1
github.com/define42/ironport/ironport.go:3770.16,3773.3 2 0
github.com/define42/ironport/ironport.go:3778.2,3779.84 2 1
github.com/define42/ironport/ironport.go:3785.42,3786.21 1 2
github.com/define42/ironport/ironport.go:3786.21,3789.3 2 0
github.com/define42/ironport/ironport.go:3790.2,3792.16 3 2
github.com/define42/ironport/ironport.go:3792.16,3795.3 2 0
github.com/define42/ironport/ironport.go:3796.2,3796.17 1 2
github.com/define42/ironport/ironport.go:3796.17,3799.3 2 1
github.com/define42/ironport/ironport.go:3801.2,3801.64 1 1
github.com/define42/ironport/ironport.go:3801.64,3803.3 1 0
github.com/define42/ironport/ironport.go:3804.2,3805.16 2 1
github.com/define42/ironport/ironport.go:3805.16,3808.3 2 0
github.com/define42/ironport/ironport.go:3809.2,3813.53 4 1
github.com/define42/ironport/ironport.go:3813.53,3816.64 1 1
github.com/define42/ironport/ironport.go:3816.64,3820.4 3 2
github.com/define42/ironport/ironport.go:3822.2,3822.13 1 1
github.com/define42/ironport/ironport.go:3822.13,3825.3 2 0
github.com/define42/ironport/ironport.go:3826.2,3826.20 1 1
github.com/define42/ironport/ironport.go:3826.20,3829.3 2 0
github.com/define42/ironport/ironport.go:3830.2,3830.39 1 1
github.com/define42/ironport/ironport.go:3837.72,3839.9 2 3
github.com/define42/ironport/ironport.go:3840.20,3841.19 1 1
github.com/define42/ironport/ironport.go:3842.39,3843.31 1 0
github.com/define42/ironport/ironport.go:3844.10,3845.20 1 2
github.com/define42/ironport/ironport.go:3847.2,3860.19 14 3
github.com/define42/ironport/ironport.go:3867.59,3868.37 1 3
github.com/define42/ironport/ironport.go:3868.37,3870.3 1 0
github.com/define42/ironport/ironport.go:3871.2,3872.18 2 3
github.com/define42/ironport/ironport.go:3872.18,3874.15 2 1
github.com/define42/ironport/ironport.go:3874.15,3876.4 1 1
github.com/define42/ironport/ironport.go:3877.8,3879.15 2 2
github.com/define42/ironport/ironport.go:3879.15,3881.4 1 2
github.com/define42/ironport/ironport.go:3883.2,3883.19 1 3
github.com/define42/ironport/ironport.go:3889.46,3890.58 1 3
github.com/define42/ironport/ironport.go:3890.58,3892.3 1 3
github.com/define42/ironport/ironport.go:3893.2,3893.70 1 0
github.com/define42/ironport/ironport.go:3897.35,3898.25 1 0
github.com/define42/ironport/ironport.go:3898.25,3900.3 1 0
github.com/define42/ironport/ironport.go:3901.2,3901.21 1 0
github.com/define42/ironport/ironport.go:3910.42,3912.22 2 5
github.com/define42/ironport/ironport.go:3912.22,3915.3 2 1
github.com/define42/ironport/ironport.go:3916.2,3917.28 2 4
github.com/define42/ironport/ironport.go:3917.28,3920.3 2 2
github.com/define42/ironport/ironport.go:3921.2,3922.38 2 2
github.com/define42/ironport/ironport.go:3925.42,3927.30 2 7
github.com/define42/ironport/ironport.go:3927.30,3931.3 3 1
github.com/define42/ironport/ironport.go:3932.2,3933.47 2 6
github.com/define42/ironport/ironport.go:3936.42,3937.21 1 4
github.com/define42/ironport/ironport.go:3937.21,3940.3 2 1
github.com/define42/ironport/ironport.go:3941.2,3942.16 2 3
github.com/define42/ironport/ironport.go:3942.16,3945.3 2 1
github.com/define42/ironport/ironport.go:3946.2,3946.16 1 2
github.com/define42/ironport/ironport.go:3946.16,3949.3 2 1
github.com/define42/ironport/ironport.go:3950.2,3950.52 1 1
github.com/define42/ironport/ironport.go:3953.42,3954.21 1 3
github.com/define42/ironport/ironport.go:3954.21,3957.3 2 1
github.com/define42/ironport/ironport.go:3958.2,3959.16 2 2
github.com/define42/ironport/ironport.go:3959.16,3962.3 2 1
github.com/define42/ironport/ironport.go:3963.2,3963.63 1 1
github.com/define42/ironport/ironport.go:3966.44,3967.22 1 3
github.com/define42/ironport/ironport.go:3967.22,3970.3 2 1
github.com/define42/ironport/ironport.go:3971.2,3971.54 1 2
github.com/define42/ironport/ironport.go:3971.54,3974.3 2 1
github.com/define42/ironport/ironport.go:3975.2,3975.29 1 1
github.com/define42/ironport/ironport.go:3978.43,3979.22 1 4
github.com/define42/ironport/ironport.go:3979.22,3982.3 2 1
github.com/define42/ironport/ironport.go:3983.2,3983.18 1 3
github.com/define42/ironport/ironport.go:3983.18,3986.3 2 1
github.com/define42/ironport/ironport.go:3987.2,3988.51 2 2
github.com/define42/ironport/ironport.go:3988.51,3991.3 2 1
github.com/define42/ironport/ironport.go:3992.2,3992.68 1 1
github.com/define42/ironport/ironport.go:3995.43,3996.22 1 3
github.com/define42/ironport/ironport.go:3996.22,3999.3 2 1
github.com/define42/ironport/ironport.go:4000.2,4000.53 1 2
github.com/define42/ironport/ironport.go:4000.53,4003.3 2 1
github.com/define42/ironport/ironport.go:4004.2,4004.29 1 1
github.com/define42/ironport/ironport.go:4007.42,4008.22 1 4
github.com/define42/ironport/ironport.go:4008.22,4011.3 2 1
github.com/define42/ironport/ironport.go:4012.2,4013.46 2 3
github.com/define42/ironport/ironport.go:4013.46,4016.3 2 1
github.com/define42/ironport/ironport.go:4017.2,4018.36 2 2
github.com/define42/ironport/ironport.go:4021.42,4022.22 1 4
github.com/define42/ironport/ironport.go:4022.22,4026.3 3 1
github.com/define42/ironport/ironport.go:4027.2,4027.22 1 3
github.com/define42/ironport/ironport.go:4027.22,4030.3 2 1
github.com/define42/ironport/ironport.go:4031.2,4031.18 1 2
github.com/define42/ironport/ironport.go:4031.18,4035.3 3 1
github.com/define42/ironport/ironport.go:4036.2,4040.54 4 1
github.com/define42/ironport/ironport.go:4040.54,4043.3 2 0
github.com/define42/ironport/ironport.go:4044.2,4051.29 2 1
github.com/define42/ironport/jailfs_linux.go:59.27,60.29 1 160
github.com/define42/ironport/jailfs_linux.go:60.29,65.17 2 1
github.com/define42/ironport/jailfs_linux.go:65.17,66.38 1 0
github.com/define42/ironport/jailfs_linux.go:66.38,69.5 2 0
github.com/define42/ironport/jailfs_linux.go:70.4,71.10 2 0
github.com/define42/ironport/jailfs_linux.go:73.3,73.21 1 1
github.com/define42/ironport/jailfs_linux.go:75.2,75.24 1 160
github.com/define42/ironport/jailfs_linux.go:80.28,80.53 1 50
github.com/define42/ironport/jailfs_linux.go:86.42,89.14 3 293
github.com/define42/ironport/jailfs_linux.go:89.14,91.3 1 34
github.com/define42/ironport/jailfs_linux.go:92.2,92.35 1 259
github.com/define42/ironport/jailfs_linux.go:98.47,99.29 1 43
github.com/define42/ironport/jailfs_linux.go:99.29,101.3 1 0
github.com/define42/ironport/jailfs_linux.go:102.2,104.15 3 43
github.com/define42/ironport/jailfs_linux.go:104.15,106.3 1 30
github.com/define42/ironport/jailfs_linux.go:107.2,107.18 1 43
github.com/define42/ironport/jailfs_linux.go:128.47,129.39 1 110
github.com/define42/ironport/jailfs_linux.go:129.39,131.3 1 0
github.com/define42/ironport/jailfs_linux.go:132.2,133.16 2 110
github.com/define42/ironport/jailfs_linux.go:133.16,135.3 1 0
github.com/define42/ironport/jailfs_linux.go:136.2,136.45 1 110
github.com/define42/ironport/jailfs_linux.go:140.32,141.30 1 109
github.com/define42/ironport/jailfs_linux.go:141.30,143.3 1 0
github.com/define42/ironport/jailfs_linux.go:144.2,146.12 3 109
github.com/define42/ironport/jailfs_linux.go:156.79,164.16 2 207
github.com/define42/ironport/jailfs_linux.go:164.16,166.3 1 26
github.com/define42/ironport/jailfs_linux.go:167.2,167.16 1 178
github.com/define42/ironport/jailfs_linux.go:177.53,179.29 2 77
github.com/define42/ironport/jailfs_linux.go:179.29,181.3 1 11
github.com/define42/ironport/jailfs_linux.go:182.2,182.55 1 66
github.com/define42/ironport/jailfs_linux.go:187.64,190.16 3 20
github.com/define42/ironport/jailfs_linux.go:190.16,192.3 1 3
github.com/define42/ironport/jailfs_linux.go:193.2,193.42 1 16
github.com/define42/ironport/jailfs_linux.go:200.94,202.28 2 89
github.com/define42/ironport/jailfs_linux.go:202.28,204.3 1 2
github.com/define42/ironport/jailfs_linux.go:205.2,206.16 2 89
github.com/define42/ironport/jailfs_linux.go:206.16,208.3 1 3
github.com/define42/ironport/jailfs_linux.go:209.2,209.42 1 86
github.com/define42/ironport/jailfs_linux.go:216.63,219.16 3 34
github.com/define42/ironport/jailfs_linux.go:219.16,221.3 1 10
github.com/define42/ironport/jailfs_linux.go:222.2,222.15 1 24
github.com/define42/ironport/jailfs_linux.go:222.15,222.37 1 24
github.com/define42/ironport/jailfs_linux.go:223.2,224.44 2 24
github.com/define42/ironport/jailfs_linux.go:224.44,226.3 1 0
github.com/define42/ironport/jailfs_linux.go:227.2,227.57 1 24
github.com/define42/ironport/jailfs_linux.go:239.65,241.66 2 10
github.com/define42/ironport/jailfs_linux.go:241.66,244.3 2 7
github.com/define42/ironport/jailfs_linux.go:244.17,246.3 1 2
github.com/define42/ironport/jailfs_linux.go:247.2,247.17 1 7
github.com/define42/ironport/jailfs_linux.go:262.85,265.16 3 15
github.com/define42/ironport/jailfs_linux.go:265.16,267.3 1 2
github.com/define42/ironport/jailfs_linux.go:268.2,269.15 2 12
github.com/define42/ironport/jailfs_linux.go:269.15,269.32 1 12
github.com/define42/ironport/jailfs_linux.go:270.2,270.6 1 12
github.com/define42/ironport/jailfs_linux.go:270.6,272.30 2 26
github.com/define42/ironport/jailfs_linux.go:272.30,274.88 2 1555
github.com/define42/ironport/jailfs_linux.go:274.88,275.13 1 0
github.com/define42/ironport/jailfs_linux.go:277.4,277.77 1 1555
github.com/define42/ironport/jailfs_linux.go:277.77,279.5 1 0
github.com/define42/ironport/jailfs_linux.go:281.3,281.33 1 26
github.com/define42/ironport/jailfs_linux.go:281.33,283.4 1 12
github.com/define42/ironport/jailfs_linux.go:284.3,284.21 1 14
github.com/define42/ironport/jailfs_linux.go:284.21,286.4 1 0
github.com/define42/ironport/jailfs_linux.go:294.67,297.16 3 18
github.com/define42/ironport/jailfs_linux.go:297.16,299.3 1 0
github.com/define42/ironport/jailfs_linux.go:300.2,301.16 2 18
github.com/define42/ironport/jailfs_linux.go:301.16,303.3 1 2
github.com/define42/ironport/jailfs_linux.go:304.2,304.15 1 15
github.com/define42/ironport/jailfs_linux.go:304.15,304.38 1 15
github.com/define42/ironport/jailfs_linux.go:305.2,305.69 1 15
github.com/define42/ironport/jailfs_linux.go:305.69,307.3 1 1
github.com/define42/ironport/jailfs_linux.go:308.2,308.12 1 14
github.com/define42/ironport/jailfs_linux.go:313.74,316.16 3 9
github.com/define42/ironport/jailfs_linux.go:316.16,318.3 1 0
github.com/define42/ironport/jailfs_linux.go:319.2,320.16 2 9
github.com/define42/ironport/jailfs_linux.go:320.16,322.3 1 0
github.com/define42/ironport/jailfs_linux.go:323.2,323.15 1 9
github.com/define42/ironport/jailfs_linux.go:323.15,323.38 1 9
github.com/define42/ironport/jailfs_linux.go:324.2,324.56 1 9
github.com/define42/ironport/jailfs_linux.go:324.56,326.3 1 4
github.com/define42/ironport/jailfs_linux.go:327.2,327.12 1 5
github.com/define42/ironport/jailfs_linux.go:334.50,336.2 1 3
github.com/define42/ironport/jailfs_linux.go:339.49,341.2 1 6
github.com/define42/ironport/jailfs_linux.go:347.56,352.36 5 8
github.com/define42/ironport/jailfs_linux.go:352.36,354.3 1 0
github.com/define42/ironport/jailfs_linux.go:355.2,356.16 2 8
github.com/define42/ironport/jailfs_linux.go:356.16,358.3 1 1
github.com/define42/ironport/jailfs_linux.go:359.2,359.15 1 7
github.com/define42/ironport/jailfs_linux.go:359.15,359.40 1 7
github.com/define42/ironport/jailfs_linux.go:360.2,361.16 2 7
github.com/define42/ironport/jailfs_linux.go:361.16,363.3 1 2
github.com/define42/ironport/jailfs_linux.go:364.2,364.15 1 5
github.com/define42/ironport/jailfs_linux.go:364.15,364.40 1 5
github.com/define42/ironport/jailfs_linux.go:365.2,365.74 1 5
github.com/define42/ironport/jailfs_linux.go:365.74,367.3 1 0
github.com/define42/ironport/jailfs_linux.go:368.2,368.12 1 5
github.com/define42/ironport/jailfs_linux.go:373.67,377.16 3 2
github.com/define42/ironport/jailfs_linux.go:377.16,387.18 2 1
github.com/define42/ironport/jailfs_linux.go:387.18,389.4 1 1
github.com/define42/ironport/jailfs_linux.go:390.3,390.11 1 0
github.com/define42/ironport/jailfs_linux.go:392.2,392.15 1 1
github.com/define42/ironport/jailfs_linux.go:392.15,392.37 1 1
github.com/define42/ironport/jailfs_linux.go:393.2,393.61 1 1
github.com/define42/ironport/jailfs_linux.go:393.61,395.3 1 0
github.com/define42/ironport/jailfs_linux.go:396.2,396.12 1 1
github.com/define42/ironport/jailfs_linux.go:402.63,405.16 3 2
github.com/define42/ironport/jailfs_linux.go:405.16,407.3 1 0
github.com/define42/ironport/jailfs_linux.go:408.2,408.15 1 2
github.com/define42/ironport/jailfs_linux.go:408.15,408.37 1 2
github.com/define42/ironport/jailfs_linux.go:409.2,409.101 1 2
github.com/define42/ironport/jailfs_linux.go:409.101,411.3 1 0
github.com/define42/ironport/jailfs_linux.go:412.2,412.12 1 2
github.com/define42/ironport/jailfs_linux.go:417.64,420.16 3 2
github.com/define42/ironport/jailfs_linux.go:420.16,422.3 1 1
github.com/define42/ironport/jailfs_linux.go:423.2,423.15 1 1
github.com/define42/ironport/jailfs_linux.go:423.15,423.37 1 1
github.com/define42/ironport/jailfs_linux.go:424.2,424.49 1 1
github.com/define42/ironport/jailfs_linux.go:424.49,426.3 1 0
github.com/define42/ironport/jailfs_linux.go:427.2,427.12 1 1
github.com/define42/ironport/jailfs_linux.go:438.38,438.55 1 1560
github.com/define42/ironport/jailfs_linux.go:439.38,439.58 1 23
github.com/define42/ironport/jailfs_linux.go:440.43,442.36 2 52
github.com/define42/ironport/jailfs_linux.go:443.23,444.18 1 21
github.com/define42/ironport/jailfs_linux.go:445.23,446.22 1 1
github.com/define42/ironport/jailfs_linux.go:447.23,448.24 1 1
github.com/define42/ironport/jailfs_linux.go:449.24,450.21 1 1
github.com/define42/ironport/jailfs_linux.go:451.23,452.21 1 1
github.com/define42/ironport/jailfs_linux.go:453.23,454.41 1 1
github.com/define42/ironport/jailfs_linux.go:456.2,456.36 1 52
github.com/define42/ironport/jailfs_linux.go:456.36,458.3 1 1
github.com/define42/ironport/jailfs_linux.go:459.2,459.36 1 52
github.com/define42/ironport/jailfs_linux.go:459.36,461.3 1 1
github.com/define42/ironport/jailfs_linux.go:462.2,462.36 1 52
github.com/define42/ironport/jailfs_linux.go:462.36,464.3 1 1
github.com/define42/ironport/jailfs_linux.go:465.2,465.10 1 52
github.com/define42/ironport/jailfs_linux.go:468.44,470.2 1 23
github.com/define42/ironport/jailfs_linux.go:471.42,471.69 1 20
github.com/define42/ironport/jailfs_linux.go:472.42,472.58 1 22
